
There are no discarded input sections

Memory Configuration

Name             Origin             Length             Attributes
*default*        0x00000000         0xffffffff

Linker script and memory map

Address of section .text set to 0x0
LOAD C:\Users\uersu\AppData\Local\Temp\cc9rhMfB.ltrans0.ltrans.o
LOAD C:\Users\uersu\AppData\Local\Temp\ccH8lQ8x.debug.temp.o
LOAD C:\Users\uersu\AppData\Local\Temp\ccyKtsb4.debug.temp.o
LOAD C:\Users\uersu\AppData\Local\Temp\ccLRjA9z.debug.temp.o
LOAD C:\Users\uersu\AppData\Local\Temp\ccWvhbl6.debug.temp.o
LOAD C:\Users\uersu\AppData\Local\Temp\ccjkrrrC.debug.temp.o
LOAD C:\Users\uersu\AppData\Local\Temp\ccGCsTz7.debug.temp.o
LOAD obj/gcc8_a_support.o
LOAD obj/depacker_doynax.o
LOAD obj/smartlinefill.o
LOAD obj/utilsasm.o
                [!provide]                        PROVIDE (__executable_start = SEGMENT_START ("text-segment", 0x80000000))
                0x80000074                        . = (SEGMENT_START ("text-segment", 0x80000000) + SIZEOF_HEADERS)

.interp
 *(.interp)

.note.gnu.build-id
 *(.note.gnu.build-id)

.hash
 *(.hash)

.gnu.hash
 *(.gnu.hash)

.dynsym
 *(.dynsym)

.dynstr
 *(.dynstr)

.gnu.version
 *(.gnu.version)

.gnu.version_d
 *(.gnu.version_d)

.gnu.version_r
 *(.gnu.version_r)

.rela.dyn       0x80000074        0x0
 *(.rela.init)
 *(.rela.text .rela.text.* .rela.gnu.linkonce.t.*)
 *(.rela.fini)
 *(.rela.rodata .rela.rodata.* .rela.gnu.linkonce.r.*)
 *(.rela.data .rela.data.* .rela.gnu.linkonce.d.*)
 *(.rela.tdata .rela.tdata.* .rela.gnu.linkonce.td.*)
 *(.rela.tbss .rela.tbss.* .rela.gnu.linkonce.tb.*)
 *(.rela.ctors)
 *(.rela.dtors)
 *(.rela.got)
 *(.rela.bss .rela.bss.* .rela.gnu.linkonce.b.*)
                [!provide]                        PROVIDE (__rela_iplt_start = .)
 *(.rela.iplt)
                [!provide]                        PROVIDE (__rela_iplt_end = .)

.rela.plt
 *(.rela.plt)

.init
 *(SORT_NONE(.init))

.plt
 *(.plt)

.iplt
 *(.iplt)

.text           0x00000000     0x6b5e
 *(.text.unlikely .text.*_unlikely .text.unlikely.*)
 .text.unlikely
                0x00000000       0x66 C:\Users\uersu\AppData\Local\Temp\cc9rhMfB.ltrans0.ltrans.o
                0x00000000                _start
 *(.text.exit .text.exit.*)
 *(.text.startup .text.startup.*)
 .text.startup  0x00000066      0xb6e C:\Users\uersu\AppData\Local\Temp\cc9rhMfB.ltrans0.ltrans.o
                0x00000066                main
 *(.text.hot .text.hot.*)
 *(SORT_BY_NAME(.text.sorted.*))
 *(.text .stub .text.* .gnu.linkonce.t.*)
 .text          0x00000bd4     0x4e98 C:\Users\uersu\AppData\Local\Temp\cc9rhMfB.ltrans0.ltrans.o
                0x000059c8                strlen
                0x000059e0                memset
                0x00005a02                memcpy
                0x00005a20                memmove
 .text          0x00005a6c      0x10c obj/gcc8_a_support.o
                0x00005a6c                __mulsi3
                0x00005a8e                __udivsi3
                0x00005aea                __divsi3
                0x00005b14                __modsi3
                0x00005b3c                __umodsi3
                0x00005b66                KPutCharX
                0x00005b74                PutChar
 .text          0x00005b78       0xd2 obj/depacker_doynax.o
                0x00005b78                _doynaxdepack_asm
 *fill*         0x00005c4a        0x2 4e714e71
 .text          0x00005c4c       0x88 obj/smartlinefill.o
                0x00005c4c                _smartlinefillasm
 .text          0x00005cd4      0xe8a obj/utilsasm.o
                0x00005cd4                _lz4_depack
 *(.gnu.warning)

.fini
 *(SORT_NONE(.fini))
                [!provide]                        PROVIDE (__etext = .)
                [!provide]                        PROVIDE (_etext = .)
                [!provide]                        PROVIDE (etext = .)

.rodata         0x00006b5e    0x3c80c
 *(.rodata .rodata.* .gnu.linkonce.r.*)
 .rodata        0x00006b5e    0x3c80c C:\Users\uersu\AppData\Local\Temp\cc9rhMfB.ltrans0.ltrans.o
                0x00006b5e                incbin_player_start
                0x000084c4                incbin_player_end
                0x000084c6                incbin_Sw_ClColorDim_start
                0x0000dd3a                incbin_Sw_ClColorDim_end
                0x0000dd3c                incbin_End_ClColor_start
                0x0000ddbc                incbin_End_ClColor_end
                0x0000ddbe                incbin_AbyssCubeData_start
                0x0000de50                incbin_AbyssCubeData_end
                0x0000de52                incbin_AbyssCubeDataLz4_start
                0x0001075f                incbin_AbyssCubeDataLz4_end
                0x00010760                incbin_AbyssLetterData_start
                0x0001083a                incbin_AbyssLetterData_end
                0x0001083c                incbin_AbyssLetterDataLz4_start
                0x0001394e                incbin_AbyssLetterDataLz4_end
                0x00013950                incbin_AbyssReversedLetterData_start
                0x000139e2                incbin_AbyssReversedLetterData_end
                0x000139e4                incbin_AbyssReversedLetterDataLz4_start
                0x00015c94                incbin_AbyssReversedLetterDataLz4_end
                0x00015c96                incbin_AtwCubeData_start
                0x00015d28                incbin_AtwCubeData_end
                0x00015d2a                incbin_AtwCubeDataLz4_start
                0x0001822f                incbin_AtwCubeDataLz4_end
                0x00018230                incbin_AtwLetterData_start
                0x000182f2                incbin_AtwLetterData_end
                0x000182f4                incbin_AtwLetterDataLz4_start
                0x0001af62                incbin_AtwLetterDataLz4_end
                0x0001af64                incbin_TekCubeData_start
                0x0001aff6                incbin_TekCubeData_end
                0x0001aff8                incbin_TekCubeDataLz4_start
                0x0001d4d8                incbin_TekCubeDataLz4_end
                0x0001d4da                incbin_TekLetterData_start
                0x0001d59c                incbin_TekLetterData_end
                0x0001d59e                incbin_TekLetterDataLz4_start
                0x00020040                incbin_TekLetterDataLz4_end
                0x00020042                incbin_PointCubeData_start
                0x000200d4                incbin_PointCubeData_end
                0x000200d6                incbin_PointCubeDataLz4_start
                0x00022cc1                incbin_PointCubeDataLz4_end
                0x00022cc2                incbin_PointLetterData_start
                0x00022d54                incbin_PointLetterData_end
                0x00022d56                incbin_PointLetterDataLz4_start
                0x00025287                incbin_PointLetterDataLz4_end
                0x00025288                incbin_PointReversedLetterData_start
                0x00025302                incbin_PointReversedLetterData_end
                0x00025304                incbin_PointReversedLetterDataLz4_start
                0x000273ef                incbin_PointReversedLetterDataLz4_end
                0x000273f0                incbin_FlexCubeData_start
                0x000274b2                incbin_FlexCubeData_end
                0x000274b4                incbin_FlexCubeDataLz4_start
                0x0002a0ad                incbin_FlexCubeDataLz4_end
                0x0002a0ae                incbin_FlexLetterData_start
                0x0002a1a0                incbin_FlexLetterData_end
                0x0002a1a2                incbin_FlexLetterDataLz4_start
                0x0002d256                incbin_FlexLetterDataLz4_end
                0x0002d258                incbin_DesireCubeData_start
                0x0002d2ea                incbin_DesireCubeData_end
                0x0002d2ec                incbin_DesireCubeDataLz4_start
                0x0002f6ac                incbin_DesireCubeDataLz4_end
                0x0002f6ae                incbin_DesireLetterData_start
                0x0002f770                incbin_DesireLetterData_end
                0x0002f772                incbin_DesireLetterDataLz4_start
                0x00031fef                incbin_DesireLetterDataLz4_end
                0x00031ff0                incbin_DesireReversedLetterData_start
                0x000320b2                incbin_DesireReversedLetterData_end
                0x000320b4                incbin_DesireReversedLetterDataLz4_start
                0x000348c6                incbin_DesireReversedLetterDataLz4_end
                0x000348c8                incbin_MercuryCubeData1_start
                0x0003498a                incbin_MercuryCubeData1_end
                0x0003498c                incbin_MercuryCubeData1Lz4_start
                0x000369a2                incbin_MercuryCubeData1Lz4_end
                0x000369a4                incbin_MercuryLetterData1_start
                0x00036ade                incbin_MercuryLetterData1_end
                0x00036ae0                incbin_MercuryLetterData1Lz4_start
                0x0003961a                incbin_MercuryLetterData1Lz4_end
                0x0003961c                incbin_MercuryCubeData2_start
                0x000396de                incbin_MercuryCubeData2_end
                0x000396e0                incbin_MercuryCubeData2Lz4_start
                0x0003b01b                incbin_MercuryCubeData2Lz4_end
                0x0003b01c                incbin_MercuryLetterData2_start
                0x0003b126                incbin_MercuryLetterData2_end
                0x0003b128                incbin_MercuryLetterData2Lz4_start
                0x0003d0a6                incbin_MercuryLetterData2Lz4_end

.rodata1
 *(.rodata1)

.eh_frame_hdr
 *(.eh_frame_hdr)
 *(.eh_frame_entry .eh_frame_entry.*)

.eh_frame
 *(.eh_frame)
 *(.eh_frame.*)

.sframe
 *(.sframe)
 *(.sframe.*)

.gcc_except_table
 *(.gcc_except_table .gcc_except_table.*)

.gnu_extab
 *(.gnu_extab*)

.exception_ranges
 *(.exception_ranges*)
                0x00044000                        . = DATA_SEGMENT_ALIGN (CONSTANT (MAXPAGESIZE), CONSTANT (COMMONPAGESIZE))

.eh_frame
 *(.eh_frame)
 *(.eh_frame.*)

.sframe
 *(.sframe)
 *(.sframe.*)

.gnu_extab
 *(.gnu_extab)

.gcc_except_table
 *(.gcc_except_table .gcc_except_table.*)

.exception_ranges
 *(.exception_ranges*)

.tdata          0x00044000        0x0
                [!provide]                        PROVIDE (__tdata_start = .)
 *(.tdata .tdata.* .gnu.linkonce.td.*)

.tbss
 *(.tbss .tbss.* .gnu.linkonce.tb.*)
 *(.tcommon)

.preinit_array  0x00044000        0x0
                0x00044000                        PROVIDE (__preinit_array_start = .)
 *(.preinit_array)
                0x00044000                        PROVIDE (__preinit_array_end = .)

.init_array     0x00044000        0x0
                0x00044000                        PROVIDE (__init_array_start = .)
 *(SORT_BY_INIT_PRIORITY(.init_array.*) SORT_BY_INIT_PRIORITY(.ctors.*))
 *(.init_array EXCLUDE_FILE(*crtend?.o *crtend.o *crtbegin?.o *crtbegin.o) .ctors)
                0x00044000                        PROVIDE (__init_array_end = .)

.fini_array     0x00044000        0x0
                0x00044000                        PROVIDE (__fini_array_start = .)
 *(SORT_BY_INIT_PRIORITY(.fini_array.*) SORT_BY_INIT_PRIORITY(.dtors.*))
 *(.fini_array EXCLUDE_FILE(*crtend?.o *crtend.o *crtbegin?.o *crtbegin.o) .dtors)
                0x00044000                        PROVIDE (__fini_array_end = .)

.ctors
 *crtbegin.o(.ctors)
 *crtbegin?.o(.ctors)
 *(EXCLUDE_FILE(*crtend?.o *crtend.o) .ctors)
 *(SORT_BY_NAME(.ctors.*))
 *(.ctors)

.dtors
 *crtbegin.o(.dtors)
 *crtbegin?.o(.dtors)
 *(EXCLUDE_FILE(*crtend?.o *crtend.o) .dtors)
 *(SORT_BY_NAME(.dtors.*))
 *(.dtors)

.jcr
 *(.jcr)

.data.rel.ro
 *(.data.rel.ro.local* .gnu.linkonce.d.rel.ro.local.*)
 *(.data.rel.ro .data.rel.ro.* .gnu.linkonce.d.rel.ro.*)

.dynamic
 *(.dynamic)
                0x00044000                        . = DATA_SEGMENT_RELRO_END (., 0x0)

.got
 *(.got.plt)
 *(.igot.plt)
 *(.got)
 *(.igot)

.data           0x00044000    0x21490
 *(.data .data.* .gnu.linkonce.d.*)
 .data          0x00044000    0x21490 C:\Users\uersu\AppData\Local\Temp\cc9rhMfB.ltrans0.ltrans.o
 .data          0x00065490        0x0 obj/gcc8_a_support.o
 .data          0x00065490        0x0 obj/depacker_doynax.o
 .data          0x00065490        0x0 obj/smartlinefill.o
 .data          0x00065490        0x0 obj/utilsasm.o

.INCBIN.MEMF_CHIP
                0x00065490    0x1f9d5
 .INCBIN.MEMF_CHIP
                0x00065490    0x1f9d5 C:\Users\uersu\AppData\Local\Temp\cc9rhMfB.ltrans0.ltrans.o
                0x00065490                incbin_module_start
                0x00067890                incbin_module_end
                0x00067892                incbin_module2_start
                0x0006a1ec                incbin_module2_end
                0x0006a1ee                incbin_Sw_font_start
                0x0007365e                incbin_Sw_font_end
                0x00073660                incbin_Sw_XMaskLeft_start
                0x00075e60                incbin_Sw_XMaskLeft_end
                0x00075e62                incbin_Sw_XMaskRight_start
                0x00078662                incbin_Sw_XMaskRight_end
                0x00078664                incbin_End_Bitmap_start
                0x00084e64                incbin_End_Bitmap_end

.data1
 *(.data1)
                0x00084e65                        _edata = .
                [!provide]                        PROVIDE (edata = .)
                0x00084e65                        . = .
                0x00084e65                        __bss_start = .

.bss            0x00084e68      0x49c
 *(.dynbss)
 *(.bss .bss.* .gnu.linkonce.b.*)
 .bss           0x00084e68      0x49c C:\Users\uersu\AppData\Local\Temp\cc9rhMfB.ltrans0.ltrans.o
 .bss           0x00085304        0x0 obj/gcc8_a_support.o
 .bss           0x00085304        0x0 obj/depacker_doynax.o
 .bss           0x00085304        0x0 obj/smartlinefill.o
 .bss           0x00085304        0x0 obj/utilsasm.o
 *(COMMON)
                0x00085304                        . = ALIGN ((. != 0x0)?0x4:0x1)
                0x00085304                        . = ALIGN (0x4)
                0x00085304                        . = SEGMENT_START ("ldata-segment", .)
                0x00085304                        . = ALIGN (0x4)
                0x00085304                        _end = .
                [!provide]                        PROVIDE (end = .)
                0x00085304                        . = DATA_SEGMENT_END (.)

.stab
 *(.stab)

.stabstr
 *(.stabstr)

.stab.excl
 *(.stab.excl)

.stab.exclstr
 *(.stab.exclstr)

.stab.index
 *(.stab.index)

.stab.indexstr
 *(.stab.indexstr)

.comment        0x00000000       0x12
 *(.comment)
 .comment       0x00000000       0x12 C:\Users\uersu\AppData\Local\Temp\cc9rhMfB.ltrans0.ltrans.o
                                 0x13 (size before relaxing)
 .comment       0x00000012       0x13 C:\Users\uersu\AppData\Local\Temp\ccH8lQ8x.debug.temp.o
 .comment       0x00000012       0x13 C:\Users\uersu\AppData\Local\Temp\ccyKtsb4.debug.temp.o
 .comment       0x00000012       0x13 C:\Users\uersu\AppData\Local\Temp\ccLRjA9z.debug.temp.o
 .comment       0x00000012       0x13 C:\Users\uersu\AppData\Local\Temp\ccWvhbl6.debug.temp.o
 .comment       0x00000012       0x13 C:\Users\uersu\AppData\Local\Temp\ccjkrrrC.debug.temp.o
 .comment       0x00000012       0x13 C:\Users\uersu\AppData\Local\Temp\ccGCsTz7.debug.temp.o

.gnu.build.attributes
 *(.gnu.build.attributes .gnu.build.attributes.*)

.debug
 *(.debug)

.line
 *(.line)

.debug_srcinfo
 *(.debug_srcinfo)

.debug_sfnames
 *(.debug_sfnames)

.debug_aranges  0x00000000       0xb0
 *(.debug_aranges)
 .debug_aranges
                0x00000000       0x30 C:\Users\uersu\AppData\Local\Temp\cc9rhMfB.ltrans0.ltrans.o
 .debug_aranges
                0x00000030       0x20 obj/gcc8_a_support.o
 .debug_aranges
                0x00000050       0x20 obj/depacker_doynax.o
 .debug_aranges
                0x00000070       0x20 obj/smartlinefill.o
 .debug_aranges
                0x00000090       0x20 obj/utilsasm.o

.debug_pubnames
 *(.debug_pubnames)

.debug_info     0x00000000    0x269bb
 *(.debug_info .gnu.linkonce.wi.*)
 .debug_info    0x00000000     0x4d5b C:\Users\uersu\AppData\Local\Temp\cc9rhMfB.ltrans0.ltrans.o
 .debug_info    0x00004d5b     0x9ad3 C:\Users\uersu\AppData\Local\Temp\ccH8lQ8x.debug.temp.o
                0x00004d5b                utils.c.57649ad4
 .debug_info    0x0000e82e     0x43b8 C:\Users\uersu\AppData\Local\Temp\ccyKtsb4.debug.temp.o
                0x0000e82e                main.c.1ec2de6d
 .debug_info    0x00012be6     0x2e25 C:\Users\uersu\AppData\Local\Temp\ccLRjA9z.debug.temp.o
                0x00012be6                swscroller.c.14007ffa
 .debug_info    0x00015a0b     0x212b C:\Users\uersu\AppData\Local\Temp\ccWvhbl6.debug.temp.o
                0x00015a0b                theend.c.61f1b09d
 .debug_info    0x00017b36     0xe05c C:\Users\uersu\AppData\Local\Temp\ccjkrrrC.debug.temp.o
                0x00017b36                g3dframework.c.43be15dd
 .debug_info    0x00025b92      0xd1f C:\Users\uersu\AppData\Local\Temp\ccGCsTz7.debug.temp.o
                0x00025b92                gcc8_c_support.c.61bce95b
 .debug_info    0x000268b1       0x89 obj/gcc8_a_support.o
 .debug_info    0x0002693a       0x35 obj/depacker_doynax.o
 .debug_info    0x0002696f       0x26 obj/smartlinefill.o
 .debug_info    0x00026995       0x26 obj/utilsasm.o

.debug_abbrev   0x00000000     0x1256
 *(.debug_abbrev)
 .debug_abbrev  0x00000000      0x209 C:\Users\uersu\AppData\Local\Temp\cc9rhMfB.ltrans0.ltrans.o
 .debug_abbrev  0x00000209      0x269 C:\Users\uersu\AppData\Local\Temp\ccH8lQ8x.debug.temp.o
 .debug_abbrev  0x00000472      0x34d C:\Users\uersu\AppData\Local\Temp\ccyKtsb4.debug.temp.o
 .debug_abbrev  0x000007bf      0x253 C:\Users\uersu\AppData\Local\Temp\ccLRjA9z.debug.temp.o
 .debug_abbrev  0x00000a12      0x1ea C:\Users\uersu\AppData\Local\Temp\ccWvhbl6.debug.temp.o
 .debug_abbrev  0x00000bfc      0x387 C:\Users\uersu\AppData\Local\Temp\ccjkrrrC.debug.temp.o
 .debug_abbrev  0x00000f83      0x269 C:\Users\uersu\AppData\Local\Temp\ccGCsTz7.debug.temp.o
 .debug_abbrev  0x000011ec       0x21 obj/gcc8_a_support.o
 .debug_abbrev  0x0000120d       0x21 obj/depacker_doynax.o
 .debug_abbrev  0x0000122e       0x14 obj/smartlinefill.o
 .debug_abbrev  0x00001242       0x14 obj/utilsasm.o

.debug_line     0x00000000    0x12c23
 *(.debug_line .debug_line.* .debug_line_end)
 .debug_line    0x00000000    0x10806 C:\Users\uersu\AppData\Local\Temp\cc9rhMfB.ltrans0.ltrans.o
 .debug_line    0x00010806      0x4f8 C:\Users\uersu\AppData\Local\Temp\ccH8lQ8x.debug.temp.o
 .debug_line    0x00010cfe      0x56b C:\Users\uersu\AppData\Local\Temp\ccyKtsb4.debug.temp.o
 .debug_line    0x00011269      0x41e C:\Users\uersu\AppData\Local\Temp\ccLRjA9z.debug.temp.o
 .debug_line    0x00011687      0x3af C:\Users\uersu\AppData\Local\Temp\ccWvhbl6.debug.temp.o
 .debug_line    0x00011a36      0x64d C:\Users\uersu\AppData\Local\Temp\ccjkrrrC.debug.temp.o
 .debug_line    0x00012083      0x1fa C:\Users\uersu\AppData\Local\Temp\ccGCsTz7.debug.temp.o
 .debug_line    0x0001227d       0xe9 obj/gcc8_a_support.o
 .debug_line    0x00012366       0xc7 obj/depacker_doynax.o
 .debug_line    0x0001242d       0x9d obj/smartlinefill.o
 .debug_line    0x000124ca      0x759 obj/utilsasm.o

.debug_frame    0x00000000     0x11b8
 *(.debug_frame)
 .debug_frame   0x00000000     0x10ec C:\Users\uersu\AppData\Local\Temp\cc9rhMfB.ltrans0.ltrans.o
 .debug_frame   0x000010ec       0xcc obj/gcc8_a_support.o

.debug_str      0x00000000      0x7fd
 *(.debug_str)
 .debug_str     0x00000000        0x9 C:\Users\uersu\AppData\Local\Temp\cc9rhMfB.ltrans0.ltrans.o
 .debug_str     0x00000009       0xe9 C:\Users\uersu\AppData\Local\Temp\ccH8lQ8x.debug.temp.o
 .debug_str     0x000000f2      0x124 C:\Users\uersu\AppData\Local\Temp\ccyKtsb4.debug.temp.o
 .debug_str     0x00000216       0xf6 C:\Users\uersu\AppData\Local\Temp\ccLRjA9z.debug.temp.o
 .debug_str     0x0000030c       0x55 C:\Users\uersu\AppData\Local\Temp\ccWvhbl6.debug.temp.o
 .debug_str     0x00000361      0x25e C:\Users\uersu\AppData\Local\Temp\ccjkrrrC.debug.temp.o
 .debug_str     0x000005bf       0x8a C:\Users\uersu\AppData\Local\Temp\ccGCsTz7.debug.temp.o
 .debug_str     0x00000649      0x1b4 obj/gcc8_a_support.o
                                 0xd1 (size before relaxing)
 .debug_str     0x000007fd       0xa3 obj/depacker_doynax.o
 .debug_str     0x000007fd       0x87 obj/smartlinefill.o
 .debug_str     0x000007fd       0x82 obj/utilsasm.o

.debug_loc
 *(.debug_loc)

.debug_macinfo
 *(.debug_macinfo)

.debug_weaknames
 *(.debug_weaknames)

.debug_funcnames
 *(.debug_funcnames)

.debug_typenames
 *(.debug_typenames)

.debug_varnames
 *(.debug_varnames)

.debug_pubtypes
 *(.debug_pubtypes)

.debug_ranges
 *(.debug_ranges)

.debug_addr
 *(.debug_addr)

.debug_line_str
 *(.debug_line_str)

.debug_loclists
                0x00000000     0x8c8c
 *(.debug_loclists)
 .debug_loclists
                0x00000000     0x8c8c C:\Users\uersu\AppData\Local\Temp\cc9rhMfB.ltrans0.ltrans.o

.debug_macro
 *(.debug_macro)

.debug_names
 *(.debug_names)

.debug_rnglists
                0x00000000      0xa54
 *(.debug_rnglists)
 .debug_rnglists
                0x00000000      0xa54 C:\Users\uersu\AppData\Local\Temp\cc9rhMfB.ltrans0.ltrans.o

.debug_str_offsets
 *(.debug_str_offsets)

.debug_sup
 *(.debug_sup)

.gnu.attributes
 *(.gnu.attributes)

/DISCARD/
 *(.note.GNU-stack)
 *(.gnu_debuglink)
 *(.gnu.lto_*)
OUTPUT(out\a.elf elf32-m68k)
